[2025-03-27 21:01:13] [FINAL TEST on ECOD] Loss: 5.9276 | ROC AUC: 0.617 | PR AUC: 0.752 | MCC: 0.226
[2025-03-27 21:02:04] [FINAL TEST on ECOD] Loss: 628.5085 | ROC AUC: 0.795 | PR AUC: 0.472 | MCC: 0.349
[2025-03-27 21:29:26] [FINAL TEST on ECOD] Loss: 410.0992 | ROC AUC: 0.884 | PR AUC: 0.673 | MCC: 0.541
[2025-03-27 21:30:51] [FINAL TEST on ECOD] Loss: 410.0992 | ROC AUC: 0.884 | PR AUC: 0.673 | MCC: 0.541
[2025-03-27 21:39:16] [FINAL TEST on ECOD] Loss: 1943.5323 | ROC AUC: 0.931 | PR AUC: 0.565 | MCC: 0.515
[2025-03-28 13:08:08] [FINAL TEST on ECOD] Loss: 1393.0452 | ROC AUC: 0.950 | PR AUC: 0.670 | MCC: 0.601
[2025-03-29 10:25:00] [FINAL TEST on ECOD] Loss: 564.2863 | ROC AUC: 0.958 | PR AUC: 0.749 | MCC: 0.612
